// Jest Snapshot v1, https://goo.gl/fbAQLP

exports[`TodoList renders 1`] = `
<div>
  <div>
    Items
    <ul>
      <li>
        Some item title
      </li>
      <li>
        Some other item title
      </li>
      <li>
        Some another item title
      </li>
    </ul>
  </div>
</div>
`;
